// Jest Snapshot v1, https://goo.gl/fbAQLP

exports[`App snapshot renders the loading screen 1`] = `null`;

exports[`App snapshot renders the root without loading screen 1`] = `
<View
  style={
    Object {
      "backgroundColor": "#fff",
      "flex": 1,
    }
  }
>
  <View
    onLayout={[Function]}
    style={
      Object {
        "flex": 1,
      }
    }
  >
    <View
      onMoveShouldSetResponder={[Function]}
      onMoveShouldSetResponderCapture={[Function]}
      onResponderEnd={[Function]}
      onResponderGrant={[Function]}
      onResponderMove={[Function]}
      onResponderReject={[Function]}
      onResponderRelease={[Function]}
      onResponderStart={[Function]}
      onResponderTerminate={[Function]}
      onResponderTerminationRequest={[Function]}
      onStartShouldSetResponder={[Function]}
      onStartShouldSetResponderCapture={[Function]}
      style={
        Array [
          Object {
            "flex": 1,
            "flexDirection": "column-reverse",
            "overflow": "hidden",
          },
          Object {
            "backgroundColor": "#000",
          },
        ]
      }
    >
      <View
        style={
          Object {
            "flex": 1,
          }
        }
      >
        <View
          accessibilityElementsHidden={false}
          pointerEvents="auto"
          style={
            Object {
              "backgroundColor": "#E9E9EF",
              "bottom": 0,
              "left": 0,
              "opacity": 1,
              "paddingTop": 0,
              "position": "absolute",
              "right": 0,
              "shadowColor": "black",
              "shadowOffset": Object {
                "height": 0,
                "width": 0,
              },
              "shadowOpacity": 0.2,
              "shadowRadius": 5,
              "top": 0,
              "transform": Array [
                Object {
                  "translateX": 0,
                },
                Object {
                  "translateY": 0,
                },
              ],
            }
          }
        >
          <View
            accessibilityIgnoresInvertColors={true}
            style={
              Object {
                "height": "100%",
                "width": "100%",
              }
            }
          >
            <Image
              source={1}
              style={
                Array [
                  Object {
                    "bottom": 0,
                    "left": 0,
                    "position": "absolute",
                    "right": 0,
                    "top": 0,
                  },
                  Object {
                    "height": "100%",
                    "width": "100%",
                  },
                  undefined,
                ]
              }
            />
            <View
              style={
                Object {
                  "alignItems": "center",
                  "flex": 1,
                  "justifyContent": "center",
                }
              }
            >
              <View
                style={
                  Array [
                    false,
                    false,
                    false,
                    Object {
                      "alignItems": "center",
                      "backgroundColor": "transparent",
                      "justifyContent": "center",
                    },
                    undefined,
                  ]
                }
                underlayColor="white"
              >
                <Text
                  allowFontScaling={false}
                  style={
                    Array [
                      Object {
                        "color": "white",
                        "fontSize": 60,
                      },
                      Array [
                        Object {
                          "backgroundColor": "transparent",
                        },
                        undefined,
                      ],
                      Object {
                        "fontFamily": "FontAwesome",
                        "fontStyle": "normal",
                        "fontWeight": "normal",
                      },
                      Object {},
                    ]
                  }
                >
                  ïƒ·
                </Text>
              </View>
              <Text
                style={
                  Object {
                    "alignItems": "center",
                    "color": "white",
                    "fontSize": 40,
                    "justifyContent": "center",
                  }
                }
              >
                Building
              </Text>
              <Text
                style={
                  Object {
                    "alignItems": "center",
                    "color": "white",
                    "fontSize": 30,
                    "justifyContent": "center",
                  }
                }
              >
                Chain
              </Text>
              <TextInput
                allowFontScaling={true}
                keyboardType="email-address"
                onChangeText={[Function]}
                placeholder="Email"
                placeholderTextColor="black"
                style={
                  Array [
                    Object {
                      "backgroundColor": "white",
                      "borderColor": "white",
                      "borderRadius": 5,
                      "borderWidth": 1,
                      "color": "black",
                      "fontSize": 20,
                      "height": 44,
                      "marginVertical": 10,
                      "padding": 10,
                      "width": 670,
                    },
                    Object {
                      "marginTop": 35,
                      "opacity": 0.7,
                    },
                  ]
                }
                underlineColorAndroid="transparent"
                value="building_chain@blockchain.com"
              />
              <TextInput
                allowFontScaling={true}
                onChangeText={[Function]}
                placeholder="Password"
                placeholderTextColor="black"
                secureTextEntry={true}
                style={
                  Array [
                    Object {
                      "backgroundColor": "white",
                      "borderColor": "white",
                      "borderRadius": 5,
                      "borderWidth": 1,
                      "color": "black",
                      "fontSize": 20,
                      "height": 44,
                      "marginVertical": 10,
                      "padding": 10,
                      "width": 670,
                    },
                    Object {
                      "opacity": 0.7,
                    },
                  ]
                }
                underlineColorAndroid="transparent"
                value="password"
              />
              <View
                accessible={true}
                isTVSelectable={true}
                onResponderGrant={[Function]}
                onResponderMove={[Function]}
                onResponderRelease={[Function]}
                onResponderTerminate={[Function]}
                onResponderTerminationRequest={[Function]}
                onStartShouldSetResponder={[Function]}
                style={
                  Object {
                    "alignItems": "center",
                    "backgroundColor": "rgba(64, 152, 193, 0.7)",
                    "borderColor": "white",
                    "borderRadius": 10,
                    "marginBottom": 10,
                    "marginTop": 15,
                    "opacity": 1,
                    "padding": 10,
                    "width": 670,
                  }
                }
              >
                <Text
                  onPress={[Function]}
                  style={
                    Object {
                      "color": "white",
                      "fontSize": 20,
                    }
                  }
                >
                  Login
                </Text>
              </View>
              <View
                accessible={true}
                isTVSelectable={true}
                onResponderGrant={[Function]}
                onResponderMove={[Function]}
                onResponderRelease={[Function]}
                onResponderTerminate={[Function]}
                onResponderTerminationRequest={[Function]}
                onStartShouldSetResponder={[Function]}
                style={
                  Object {
                    "opacity": 1,
                  }
                }
              >
                <Text
                  onPress={[Function]}
                  style={
                    Object {
                      "color": "white",
                      "fontSize": 20,
                    }
                  }
                >
                  Sign Up
                </Text>
              </View>
            </View>
          </View>
        </View>
      </View>
    </View>
  </View>
</View>
`;
